---
source: src/modes/read_view/ui/status_bar_element.rs
expression: terminal.backend()
---
TestBackend {
    buffer: Buffer {
        area: Rect { x: 0, y: 0, width: 40, height: 10 },
        content: [
            " ^_^ ALREADY RETWEETED  Post was retweet",
            "                                        ",
            "                                        ",
            "                                        ",
            "                                        ",
            "                                        ",
            "                                        ",
            "                                        ",
            "                                        ",
            "                                        ",
        ],
        styles: [
            x: 0, y: 0, fg: Rgb(255, 255, 255), bg: Rgb(163, 113, 247), underline: Reset, modifier: BOLD,
            x: 23, y: 0, fg: Rgb(255, 255, 255), bg: Rgb(163, 113, 247), underline: Reset, modifier: NONE,
            x: 0, y: 1, fg: Reset, bg: Reset, underline: Reset, modifier: NONE,
        ]
    },
    scrollback: Buffer {
        area: Rect { x: 0, y: 0, width: 40, height: 0 }
    },
    cursor: false,
    pos: (
        0,
        0,
    ),
}
